Finite: reg1_lakes Point shapefile

Equal random selection using a shapefile frame:

Stratum: None 
    siteID  xcoord  ycoord mdcaty    wgt stratum    panel EvalStatus EvalReason
1  Site-01 2089730 2846134  Equal 1317.3    None PanelOne    NotEval           
2  Site-02 1984698 2808309  Equal 1317.3    None PanelOne    NotEval           
3  Site-03 2061024 2782825  Equal 1317.3    None PanelOne    NotEval           
4  Site-04 1982195 2750932  Equal 1317.3    None PanelOne    NotEval           
5  Site-05 2149168 2698587  Equal 1317.3    None PanelOne    NotEval           
6  Site-06 2082357 2669980  Equal 1317.3    None PanelOne    NotEval           
7  Site-07 2015518 2637253  Equal 1317.3    None PanelOne    NotEval           
8  Site-08 1850698 2561979  Equal 1317.3    None PanelOne    NotEval           
9  Site-09 1981047 2354590  Equal 1317.3    None PanelOne    NotEval           
10 Site-10 1892716 2272885  Equal 1317.3    None PanelOne    NotEval           

Equal random selection using an attributes frame:

Stratum: None 
    siteID  xcoord  ycoord     mdcaty    wgt stratum    panel EvalStatus EvalReason
1  Site-01 1995266 2835440 0.95532350 1317.3    None PanelOne    NotEval           
2  Site-02 2107760 2695469 0.70473458 1317.3    None PanelOne    NotEval           
3  Site-03 1980357 2631532 0.36704666 1317.3    None PanelOne    NotEval           
4  Site-04 2021579 2609615 0.44132569 1317.3    None PanelOne    NotEval           
5  Site-05 1973118 2548772 0.07819541 1317.3    None PanelOne    NotEval           
6  Site-06 1895223 2320372 0.98238751 1317.3    None PanelOne    NotEval           
7  Site-07 1981922 2317385 0.61047849 1317.3    None PanelOne    NotEval           
8  Site-08 2002566 2302210 0.02186047 1317.3    None PanelOne    NotEval           
9  Site-09 1938351 2277780 0.25096115 1317.3    None PanelOne    NotEval           
10 Site-10 1866467 2237806 0.73254179 1317.3    None PanelOne    NotEval           

Equal random selection using an sp object frame:

Stratum: None 
    siteID  xcoord  ycoord    mdcaty    wgt stratum    panel EvalStatus EvalReason
1  Site-01 2016772 2917136 0.5446229 1317.3    None PanelOne    NotEval           
2  Site-02 2053951 2793586 0.6341247 1317.3    None PanelOne    NotEval           
3  Site-03 1866210 2550778 0.6293575 1317.3    None PanelOne    NotEval           
4  Site-04 1951902 2512932 0.4066360 1317.3    None PanelOne    NotEval           
5  Site-05 1924245 2452834 0.7959609 1317.3    None PanelOne    NotEval           
6  Site-06 1952525 2391659 0.4890403 1317.3    None PanelOne    NotEval           
7  Site-07 1862839 2368179 0.8038282 1317.3    None PanelOne    NotEval           
8  Site-08 2022089 2387772 0.4135339 1317.3    None PanelOne    NotEval           
9  Site-09 2057418 2372755 0.4727642 1317.3    None PanelOne    NotEval           
10 Site-10 1935045 2301159 0.3288982 1317.3    None PanelOne    NotEval           

Equal random selection using an sf object frame:

Stratum: None 
    siteID  xcoord  ycoord    mdcaty    wgt stratum    panel EvalStatus EvalReason
1  Site-01 2096112 2862503 0.6387457 1317.3    None PanelOne    NotEval           
2  Site-02 2023963 2590364 0.1494989 1317.3    None PanelOne    NotEval           
3  Site-03 1824537 2528588 0.7479672 1317.3    None PanelOne    NotEval           
4  Site-04 1887353 2539705 0.2324630 1317.3    None PanelOne    NotEval           
5  Site-05 1915650 2446122 0.7682149 1317.3    None PanelOne    NotEval           
6  Site-06 1981744 2408794 0.8686772 1317.3    None PanelOne    NotEval           
7  Site-07 2056333 2393648 0.7045570 1317.3    None PanelOne    NotEval           
8  Site-08 2061913 2378607 0.6123652 1317.3    None PanelOne    NotEval           
9  Site-09 2074325 2355325 0.6654512 1317.3    None PanelOne    NotEval           
10 Site-10 1895523 2278891 0.2726137 1317.3    None PanelOne    NotEval           

Unequal random selection using a shapefile frame:

Stratum: LAKE/POND 

Stratum: RESERVOIR 
    siteID  xcoord  ycoord mdcaty    wgt   stratum    panel EvalStatus EvalReason
1  Site-01 2066084 2762238      5 1246.6 LAKE/POND PanelOne    NotEval           
2  Site-02 1896667 2604473      5 1246.6 LAKE/POND PanelOne    NotEval           
3  Site-03 2023115 2624494      8 1371.0 LAKE/POND PanelOne    NotEval           
4  Site-04 2016726 2601570      5 1246.6 LAKE/POND PanelOne    NotEval           
5  Site-05 2019640 2554395      8 1371.0 LAKE/POND PanelOne    NotEval           
6  Site-06 1912729 2459099      5 1246.6 LAKE/POND PanelOne    NotEval           
7  Site-07 1864625 2437298      5 1246.6 LAKE/POND PanelOne    NotEval           
8  Site-08 1918854 2446933      5 1246.6 LAKE/POND PanelOne    NotEval           
9  Site-09 2007017 2444237      8 1371.0 LAKE/POND PanelOne    NotEval           
10 Site-10 1901899 2378175      8 1371.0 LAKE/POND PanelOne    NotEval           
11 Site-11 1972694 2377396      8 1371.0 LAKE/POND OverSamp    NotEval           
12 Site-12 2050182 2389504      8 1371.0 LAKE/POND OverSamp    NotEval           
13 Site-13 2111139 2367256      8 1371.0 LAKE/POND OverSamp    NotEval           
14 Site-14 1951974 2310736      8 1371.0 LAKE/POND OverSamp    NotEval           
15 Site-15 1854062 2273996      8 1371.0 LAKE/POND OverSamp    NotEval           
16 Site-16 1853073 2266976      8 1371.0 LAKE/POND OverSamp    NotEval           
17 Site-17 2058050 2699162      8   11.2 RESERVOIR PanelOne    NotEval           
18 Site-18 1917651 2649064      5    5.8 RESERVOIR PanelOne    NotEval           
19 Site-19 1947239 2555625      5    5.8 RESERVOIR PanelOne    NotEval           
20 Site-20 1947373 2555540      5    5.8 RESERVOIR PanelOne    NotEval           
21 Site-21 1933734 2549012      5    5.8 RESERVOIR PanelOne    NotEval           
22 Site-22 1915841 2445844      5    5.8 RESERVOIR PanelOne    NotEval           
23 Site-23 1931380 2422219      5    5.8 RESERVOIR PanelOne    NotEval           
24 Site-24 1945922 2383407      8   11.2 RESERVOIR PanelOne    NotEval           
25 Site-25 1946195 2383412      8   11.2 RESERVOIR PanelOne    NotEval           
26 Site-26 1904140 2356197      8   11.2 RESERVOIR PanelOne    NotEval           

Continuous random selection using an sf object frame:

Stratum: None 
    siteID  xcoord  ycoord    mdcaty       wgt stratum    panel EvalStatus EvalReason
1  Site-01 2078913 2856375 0.9038528  734.2986    None PanelOne    NotEval           
2  Site-02 2012489 2754388 0.6910981  960.3526    None PanelOne    NotEval           
3  Site-03 1924725 2586933 0.5993329 1107.3944    None PanelOne    NotEval           
4  Site-04 1996487 2591985 0.4012178 1654.2085    None PanelOne    NotEval           
5  Site-05 1975250 2377120 0.7122740  931.8013    None PanelOne    NotEval           
6  Site-06 2025083 2368764 0.8584848  773.1038    None PanelOne    NotEval           
7  Site-07 1928399 2335908 0.9755878  680.3056    None PanelOne    NotEval           
8  Site-08 2036394 2320686 0.9843476  674.2516    None PanelOne    NotEval           
9  Site-09 1937048 2283606 0.8802748  753.9667    None PanelOne    NotEval           
10 Site-10 1865315 2239693 0.9478385  700.2225    None PanelOne    NotEval           


Finite: NHDPoint PointZ shapefile

Stratum: None 
    siteID    xcoord   ycoord mdcaty  wgt stratum    panel EvalStatus EvalReason    ComID FDate RESOLUTION GNIS_ID GNIS_Name ReachCode      FTYPE FCode
1  Site-01 -112.9398 42.29490  Equal 16.4    None PanelOne    NotEval             1184645  <NA>     Medium    <NA>      <NA>      <NA> SpringSeep 45800
2  Site-02 -111.2477 42.50120  Equal 16.4    None PanelOne    NotEval             7896419  <NA>     Medium    <NA>      <NA>      <NA> SpringSeep 45800
3  Site-03 -110.7399 43.49735  Equal 16.4    None PanelOne    NotEval            18345593  <NA>     Medium    <NA>      <NA>      <NA> SpringSeep 45800
4  Site-04 -110.7070 42.63435  Equal 16.4    None PanelOne    NotEval            18350207  <NA>     Medium    <NA>      <NA>      <NA> SpringSeep 45800
5  Site-05 -110.7136 42.63366  Equal 16.4    None PanelOne    NotEval            18350209  <NA>     Medium    <NA>      <NA>      <NA> SpringSeep 45800
6  Site-06 -120.0400 41.87837  Equal 16.4    None PanelOne    NotEval            20314974  <NA>     Medium    <NA>      <NA>      <NA> SpringSeep 45800
7  Site-07 -119.8495 41.96154  Equal 16.4    None PanelOne    NotEval            20316950  <NA>     Medium    <NA>      <NA>      <NA> SpringSeep 45800
8  Site-08 -119.8655 41.93731  Equal 16.4    None PanelOne    NotEval            20316954  <NA>     Medium    <NA>      <NA>      <NA> SpringSeep 45800
9  Site-09 -119.8678 41.93561  Equal 16.4    None PanelOne    NotEval            20316956  <NA>     Medium    <NA>      <NA>      <NA> SpringSeep 45800
10 Site-10 -119.9050 41.82292  Equal 16.4    None PanelOne    NotEval            20317050  <NA>     Medium    <NA>      <NA>      <NA> SpringSeep 45800


Linear: ryan_len Polyline shapefile

Equal random selection using a shapefile frame:

Stratum: None 
    siteID    xcoord   ycoord mdcaty      wgt stratum    panel EvalStatus EvalReason FNODE_ TNODE_ LPOLY_ RPOLY_    LENGTH RYAN_SPC_ RYAN_SPC_I
1  Site-01 -349729.8 310203.1  Equal 4757.726    None PanelOne    NotEval                28     30      0      0  507.8796        28         28
2  Site-02 -348830.4 309962.0  Equal 4757.726    None PanelOne    NotEval                26     20      0      0  973.4206        25         25
3  Site-03 -347389.0 310313.8  Equal 4757.726    None PanelOne    NotEval                31     33      0      0 1658.4259        30         30
4  Site-04 -346571.1 309248.3  Equal 4757.726    None PanelOne    NotEval                16     25      0      0 2865.8006        24         24
5  Site-05 -346298.0 308377.8  Equal 4757.726    None PanelOne    NotEval                12     18      0      0  959.4242        17         17
6  Site-06 -347133.7 312190.7  Equal 4757.726    None PanelOne    NotEval                44     50      0      0 2905.8799        48         48
7  Site-07 -349963.2 308152.1  Equal 4757.726    None PanelOne    NotEval                 5     19      0      0  926.7551        18         18
8  Site-08 -348195.2 308120.1  Equal 4757.726    None PanelOne    NotEval                15     13      0      0 2003.0106        15         15
9  Site-09 -348700.6 313632.0  Equal 4757.726    None PanelOne    NotEval                53     47      0      0 2617.5491        51         51
10 Site-10 -347526.3 309653.1  Equal 4757.726    None PanelOne    NotEval                31     32      0      0  973.9687        29         29

Equal random selection using an sp object frame:

Stratum: None 
    siteID    xcoord   ycoord mdcaty      wgt stratum    panel EvalStatus EvalReason
1  Site-01 -347549.7 309735.9  Equal 4757.726    None PanelOne    NotEval           
2  Site-02 -346696.7 311872.9  Equal 4757.726    None PanelOne    NotEval           
3  Site-03 -350130.6 309318.8  Equal 4757.726    None PanelOne    NotEval           
4  Site-04 -345788.1 308074.5  Equal 4757.726    None PanelOne    NotEval           
5  Site-05 -348344.3 309962.8  Equal 4757.726    None PanelOne    NotEval           
6  Site-06 -346178.5 307536.0  Equal 4757.726    None PanelOne    NotEval           
7  Site-07 -347507.2 309594.9  Equal 4757.726    None PanelOne    NotEval           
8  Site-08 -345055.1 308872.7  Equal 4757.726    None PanelOne    NotEval           
9  Site-09 -346788.7 312086.3  Equal 4757.726    None PanelOne    NotEval           
10 Site-10 -350150.8 307918.8  Equal 4757.726    None PanelOne    NotEval           

Equal random selection using an sf object frame:

Stratum: None 
    siteID    xcoord   ycoord mdcaty      wgt stratum    panel EvalStatus EvalReason
1  Site-01 -350574.0 307764.2  Equal 4757.726    None PanelOne    NotEval           
2  Site-02 -347823.0 311476.1  Equal 4757.726    None PanelOne    NotEval           
3  Site-03 -346883.3 308553.3  Equal 4757.726    None PanelOne    NotEval           
4  Site-04 -347674.9 308540.0  Equal 4757.726    None PanelOne    NotEval           
5  Site-05 -347437.4 312082.6  Equal 4757.726    None PanelOne    NotEval           
6  Site-06 -347264.1 310247.3  Equal 4757.726    None PanelOne    NotEval           
7  Site-07 -346786.8 312078.9  Equal 4757.726    None PanelOne    NotEval           
8  Site-08 -348809.5 310889.4  Equal 4757.726    None PanelOne    NotEval           
9  Site-09 -348865.5 310599.2  Equal 4757.726    None PanelOne    NotEval           
10 Site-10 -349912.4 308635.1  Equal 4757.726    None PanelOne    NotEval           

Unequal random selection using an sp object frame:

Stratum: A 

Stratum: B 
    siteID    xcoord   ycoord mdcaty      wgt stratum    panel EvalStatus EvalReason FNODE_ TNODE_ LPOLY_ RPOLY_    LENGTH RYAN_SPC_ RYAN_SPC_I   mdcaty2
1  Site-01 -347917.3 311632.5      b 2212.032       A PanelOne    NotEval                41     42      0      0   82.8817        38         38 0.6348357
2  Site-02 -348877.8 307903.2      a 2219.565       A PanelOne    NotEval                 6      7      0      0  993.3864         6          6 0.7593211
3  Site-03 -346043.0 309622.2      a 2219.565       A PanelOne    NotEval                16     25      0      0 2865.8006        24         24 0.6936190
4  Site-04 -346367.3 308141.9      a 2219.565       A PanelOne    NotEval                 8     10      0      0 1258.3871         8          8 0.6494168
5  Site-05 -349356.1 311934.6      b 2212.032       A PanelOne    NotEval                46     48      0      0  426.0772        46         46 0.2670264
6  Site-06 -350587.0 309219.1      a 2219.565       A PanelOne    NotEval                11     21      0      0  828.0937        20         20 0.3253363
7  Site-07 -348750.6 307314.3      a 2219.565       A PanelOne    NotEval                 6      7      0      0  993.3864         6          6 0.7593211
8  Site-08 -346345.4 310212.9      b 2212.032       A PanelOne    NotEval                31     33      0      0 1658.4259        30         30 0.9835460
9  Site-09 -347607.7 310609.0      b 2212.032       A PanelOne    NotEval                34     31      0      0 1468.9703        32         32 0.6349145
10 Site-10 -349589.7 312300.0      b 2212.032       A PanelOne    NotEval                48     52      0      0  951.1108        50         50 0.9137875
11 Site-11 -348872.9 311081.4      b 2212.032       A OverSamp    NotEval                37     34      0      0  402.7117        34         34 0.2487352
12 Site-12 -348801.2 307595.9      a 2219.565       A OverSamp    NotEval                 6      7      0      0  993.3864         6          6 0.7593211
13 Site-13 -346705.0 310178.5      b 2212.032       A OverSamp    NotEval                31     33      0      0 1658.4259        30         30 0.9835460
14 Site-14 -346627.0 309127.3      a 2219.565       A OverSamp    NotEval                16     25      0      0 2865.8006        24         24 0.6936190
15 Site-15 -348667.6 308388.4      a 2219.565       A OverSamp    NotEval                15      6      0      0  632.3750        12         12 0.7641473
16 Site-16 -348097.6 309873.6      b 2212.032       A OverSamp    NotEval                26     27      0      0 1075.7356        26         26 0.6428234
17 Site-17 -348608.4 308718.9      a 2136.193       B PanelOne    NotEval                20     15      0      0  725.4539        19         19 0.2351043
18 Site-18 -350659.5 307755.2      a 2136.193       B PanelOne    NotEval                 3      4      0      0 1162.5216         3          3 0.3485125
19 Site-19 -349481.4 307887.1      a 2136.193       B PanelOne    NotEval                 6      5      0      0 1051.7496         5          5 0.2403447
20 Site-20 -347054.7 308487.2      a 2136.193       B PanelOne    NotEval                13     16      0      0  210.4605        13         13 0.8710815
21 Site-21 -349652.9 312141.5      b 2947.663       B PanelOne    NotEval                48     49      0      0  754.9212        47         47 0.6420371
22 Site-22 -345935.1 308713.0      a 2136.193       B PanelOne    NotEval                12     18      0      0  959.4242        17         17 0.8593640
23 Site-23 -350519.2 308239.5      a 2136.193       B PanelOne    NotEval                 3     11      0      0  695.6179         9          9 0.1048557
24 Site-24 -349030.4 311910.5      b 2947.663       B PanelOne    NotEval                47     37      0      0  795.7252        45         45 0.2139581
25 Site-25 -349761.3 308980.8      a 2136.193       B PanelOne    NotEval                19     22      0      0  524.6816        21         21 0.3566442
26 Site-26 -350132.0 309352.8      a 2136.193       B PanelOne    NotEval                19     24      0      0  632.6252        23         23 0.4439025

Continuous random selection using an sf object frame:

Stratum: None 
    siteID    xcoord   ycoord     mdcaty       wgt stratum    panel EvalStatus EvalReason FNODE_ TNODE_ LPOLY_ RPOLY_    LENGTH RYAN_SPC_ RYAN_SPC_I
1  Site-01 -347818.3 311641.4 0.81228659  3106.666    None PanelOne    NotEval                42     44      0      0  139.5062        40         40
2  Site-02 -349793.0 307918.6 0.71182368  3545.124    None PanelOne    NotEval                 6      5      0      0 1051.7496         5          5
3  Site-03 -346955.7 312358.0 0.65955189  3826.088    None PanelOne    NotEval                44     50      0      0 2905.8799        48         48
4  Site-04 -348913.7 310488.8 0.08081162 31226.987    None PanelOne    NotEval                34     26      0      0  855.7232        31         31
5  Site-05 -347327.7 312720.2 0.43331690  5823.690    None PanelOne    NotEval                41     51      0      0 1748.4072        49         49
6  Site-06 -347137.5 311175.9 0.81445212  3098.406    None PanelOne    NotEval                39     40      0      0  554.2990        36         36
7  Site-07 -347858.0 310718.6 0.82771581  3048.756    None PanelOne    NotEval                34     31      0      0 1468.9703        32         32
8  Site-08 -347030.5 307982.7 0.97417699  2590.395    None PanelOne    NotEval                13     14      0      0  753.4280        11         11
9  Site-09 -347688.3 311222.3 0.24171404 10440.037    None PanelOne    NotEval                42     43      0      0  569.3391        39         39
10 Site-10 -349255.7 307900.4 0.71182368  3545.124    None PanelOne    NotEval                 6      5      0      0 1051.7496         5          5
   mdcaty1
1        b
2        a
3        b
4        b
5        b
6        b
7        b
8        a
9        b
10       a


Linear: NHDTanana_main_ALB PolylineZ shapefile

Stratum: None 
    siteID   xcoord  ycoord mdcaty      wgt stratum    panel EvalStatus EvalReason    ComID      FDate Resolution  GNIS_ID    GNIS_Name LengthKM
1  Site-01 562817.3 1532494  Equal 91083.85    None PanelOne    NotEval            47519610 2003-05-27          2 01416408 Tanana River    8.900
2  Site-02 228521.8 1655903  Equal 91083.85    None PanelOne    NotEval            36675723 2002-09-24          2 01416408 Tanana River    0.721
3  Site-03 272025.9 1646662  Equal 91083.85    None PanelOne    NotEval            60741239 2003-06-16          2 01416408 Tanana River    0.729
4  Site-04 572350.1 1521771  Equal 91083.85    None PanelOne    NotEval            47519582 2003-05-27          2 01416408 Tanana River    1.250
5  Site-05 123633.1 1657931  Equal 91083.85    None PanelOne    NotEval            36675423 2002-09-24          2 01416408 Tanana River    3.534
6  Site-06 499900.5 1555201  Equal 91083.85    None PanelOne    NotEval            47549389 2003-08-14          2 01416408 Tanana River    0.616
7  Site-07 602446.5 1510244  Equal 91083.85    None PanelOne    NotEval            47519396 2003-05-27          2 01416408 Tanana River    0.436
8  Site-08 213105.3 1663265  Equal 91083.85    None PanelOne    NotEval            36675647 2002-09-24          2 01416408 Tanana River    0.040
9  Site-09 373176.2 1609244  Equal 91083.85    None PanelOne    NotEval            60741089 2003-06-16          2 01416408 Tanana River    0.529
10 Site-10 114307.4 1671644  Equal 91083.85    None PanelOne    NotEval            36675373 2002-09-24          2 01416408 Tanana River    1.742
        ReachCode FlowDir WBAreaComI FType FCode   Shape_Leng Enabled
1  19040502000142       1  120009705   558 55800 0.1121238238       1
2  19040511000143       1  120009686   558 55800 0.0072859496       1
3  19040507000076       1  120009690   558 55800 0.0100621650       1
4  19040502006913       1  120009705   558 55800 0.0231267647       1
5  19040511000039       1  120009686   558 55800 0.0526121368       1
6  19040503008144       1  120006107   558 55800 0.0089253051       1
7  19040502006893       1   26561146   558 55800 0.0072049149       1
8  19040511000118       1  120009686   558 55800 0.0008504097       1
9  19040507006880       1  120006431   558 55800 0.0101009255       1
10 19040511000022       1  120009686   558 55800 0.0186536637       1


Area: eco_l3_ut Polygon shapefile

Equal random selection using a shapefile frame:

Stratum: None 
    siteID   xcoord  ycoord mdcaty         wgt stratum    panel EvalStatus EvalReason        AREA PERIMETER USECO_ USECO_ID ECO LEVEL3
1  Site-01 -1445860 2188391  Equal 21982984349    None PanelOne    NotEval            3.09949e+11   4412500    204      201  13     13
2  Site-02 -1156388 2062845  Equal 21982984349    None PanelOne    NotEval            4.47240e+10   2722190    208      206  19     19
3  Site-03 -1283268 1728235  Equal 21982984349    None PanelOne    NotEval            1.26379e+11   3388270    247      245  20     20
4  Site-04 -1436624 2067383  Equal 21982984349    None PanelOne    NotEval            3.09949e+11   4412500    204      201  13     13
5  Site-05 -1217544 1769948  Equal 21982984349    None PanelOne    NotEval            1.26379e+11   3388270    247      245  20     20
6  Site-06 -1260469 1655112  Equal 21982984349    None PanelOne    NotEval            1.26379e+11   3388270    247      245  20     20
7  Site-07 -1162070 1642543  Equal 21982984349    None PanelOne    NotEval            1.26379e+11   3388270    247      245  20     20
8  Site-08 -1535956 1882363  Equal 21982984349    None PanelOne    NotEval            3.09949e+11   4412500    204      201  13     13
9  Site-09 -1166675 1883613  Equal 21982984349    None PanelOne    NotEval            1.26379e+11   3388270    247      245  20     20
10 Site-10 -1221240 2073255  Equal 21982984349    None PanelOne    NotEval            4.47240e+10   2722190    208      206  19     19
                    LEVEL3_NAM
1      Central Basin and Range
2  Wasatch and Uinta Mountains
3            Colorado Plateaus
4      Central Basin and Range
5            Colorado Plateaus
6            Colorado Plateaus
7            Colorado Plateaus
8      Central Basin and Range
9            Colorado Plateaus
10 Wasatch and Uinta Mountains

Equal random selection using an sp object frame:

Stratum: None 
    siteID   xcoord  ycoord mdcaty         wgt stratum    panel EvalStatus EvalReason
1  Site-01 -1518520 1865833  Equal 21982984349    None PanelOne    NotEval           
2  Site-02 -1096325 2030769  Equal 21982984349    None PanelOne    NotEval           
3  Site-03 -1217116 2023774  Equal 21982984349    None PanelOne    NotEval           
4  Site-04 -1499474 1871744  Equal 21982984349    None PanelOne    NotEval           
5  Site-05 -1241144 2064124  Equal 21982984349    None PanelOne    NotEval           
6  Site-06 -1489373 2125597  Equal 21982984349    None PanelOne    NotEval           
7  Site-07 -1121178 2004451  Equal 21982984349    None PanelOne    NotEval           
8  Site-08 -1281466 1744375  Equal 21982984349    None PanelOne    NotEval           
9  Site-09 -1198603 1752798  Equal 21982984349    None PanelOne    NotEval           
10 Site-10 -1448900 2001110  Equal 21982984349    None PanelOne    NotEval           

Equal random selection using an sf object frame:

Stratum: None 
    siteID   xcoord  ycoord mdcaty         wgt stratum    panel EvalStatus EvalReason
1  Site-01 -1131467 1759585  Equal 21982984349    None PanelOne    NotEval           
2  Site-02 -1373552 2226901  Equal 21982984349    None PanelOne    NotEval           
3  Site-03 -1313781 1905469  Equal 21982984349    None PanelOne    NotEval           
4  Site-04 -1360712 1945830  Equal 21982984349    None PanelOne    NotEval           
5  Site-05 -1272942 2140804  Equal 21982984349    None PanelOne    NotEval           
6  Site-06 -1121954 2022455  Equal 21982984349    None PanelOne    NotEval           
7  Site-07 -1139741 1933859  Equal 21982984349    None PanelOne    NotEval           
8  Site-08 -1552094 1824191  Equal 21982984349    None PanelOne    NotEval           
9  Site-09 -1490890 1990838  Equal 21982984349    None PanelOne    NotEval           
10 Site-10 -1350679 2168694  Equal 21982984349    None PanelOne    NotEval           

Unequal random selection using an sp object frame:

Stratum: A 

Stratum: B 
    siteID   xcoord  ycoord mdcaty         wgt stratum    panel EvalStatus EvalReason        AREA PERIMETER USECO_ USECO_ID ECO LEVEL3
1  Site-01 -1182792 1785371      b 17687430706       A PanelOne    NotEval            1.26379e+11   3388270    247      245  20     20
2  Site-02 -1395142 2161984      a 16924501890       A PanelOne    NotEval            3.09949e+11   4412500    204      201  13     13
3  Site-03 -1435350 2023275      a 16924501890       A PanelOne    NotEval            3.09949e+11   4412500    204      201  13     13
4  Site-04 -1349887 2166994      a 16924501890       A PanelOne    NotEval            3.09949e+11   4412500    204      201  13     13
5  Site-05 -1481003 2051513      a 16924501890       A PanelOne    NotEval            3.09949e+11   4412500    204      201  13     13
6  Site-06 -1353421 1955344      a 16924501890       A PanelOne    NotEval            3.09949e+11   4412500    204      201  13     13
7  Site-07 -1504844 1748162      a 16924501890       A PanelOne    NotEval            3.09949e+11   4412500    204      201  13     13
8  Site-08 -1238855 1809582      b 17687430706       A PanelOne    NotEval            1.26379e+11   3388270    247      245  20     20
9  Site-09 -1324811 2043013      a 16924501890       A PanelOne    NotEval            3.09949e+11   4412500    204      201  13     13
10 Site-10 -1535923 1721930      a 16924501890       A PanelOne    NotEval            1.29599e+11   2363930    373      372  14     14
11 Site-11 -1486759 1904429      a 16924501890       A OverSamp    NotEval            3.09949e+11   4412500    204      201  13     13
12 Site-12 -1116920 1880326      b 17687430706       A OverSamp    NotEval            1.26379e+11   3388270    247      245  20     20
13 Site-13 -1467779 1874436      a 16924501890       A OverSamp    NotEval            3.09949e+11   4412500    204      201  13     13
14 Site-14 -1485199 1955963      a 16924501890       A OverSamp    NotEval            3.09949e+11   4412500    204      201  13     13
15 Site-15 -1436728 1808389      a 16924501890       A OverSamp    NotEval            3.09949e+11   4412500    204      201  13     13
16 Site-16 -1156288 1998632      b 17687430706       A OverSamp    NotEval            1.26379e+11   3388270    247      245  20     20
17 Site-17 -1254543 2143389      b   771406344       B PanelOne    NotEval            1.33312e+11   3689180    170      216  18     18
18 Site-18 -1181289 2080975      b   771406344       B PanelOne    NotEval            1.33312e+11   3689180    170      216  18     18
19 Site-19 -1328263 1957144      a  8582629759       B PanelOne    NotEval            4.47240e+10   2722190    208      206  19     19
20 Site-20 -1099485 2065897      b   771406344       B PanelOne    NotEval            1.33312e+11   3689180    170      216  18     18
21 Site-21 -1210696 2061718      a  8582629759       B PanelOne    NotEval            4.47240e+10   2722190    208      206  19     19
22 Site-22 -1315718 2123178      a  8582629759       B PanelOne    NotEval            4.47240e+10   2722190    208      206  19     19
23 Site-23 -1295278 1921470      a  8582629759       B PanelOne    NotEval            4.47240e+10   2722190    208      206  19     19
24 Site-24 -1249679 2133370      b   771406344       B PanelOne    NotEval            1.33312e+11   3689180    170      216  18     18
25 Site-25 -1100186 2070902      b   771406344       B PanelOne    NotEval            1.33312e+11   3689180    170      216  18     18
26 Site-26 -1133327 1809121      b   771406344       B PanelOne    NotEval            5.40909e+08    111432    367      366  21     21
                    LEVEL3_NAM   mdcaty2
1            Colorado Plateaus 0.4489260
2      Central Basin and Range 0.5863082
3      Central Basin and Range 0.5863082
4      Central Basin and Range 0.5863082
5      Central Basin and Range 0.5863082
6      Central Basin and Range 0.5863082
7      Central Basin and Range 0.5863082
8            Colorado Plateaus 0.4489260
9      Central Basin and Range 0.5863082
10      Mojave Basin and Range 0.3174291
11     Central Basin and Range 0.5863082
12           Colorado Plateaus 0.4489260
13     Central Basin and Range 0.5863082
14     Central Basin and Range 0.5863082
15     Central Basin and Range 0.5863082
16           Colorado Plateaus 0.4489260
17               Wyoming Basin 0.9801627
18               Wyoming Basin 0.9801627
19 Wasatch and Uinta Mountains 0.3643628
20               Wyoming Basin 0.9801627
21 Wasatch and Uinta Mountains 0.3643628
22 Wasatch and Uinta Mountains 0.3643628
23 Wasatch and Uinta Mountains 0.3643628
24               Wyoming Basin 0.9801627
25               Wyoming Basin 0.9801627
26            Southern Rockies 0.5610290

Continuous random selection using an sf object frame:

Stratum: None 
    siteID   xcoord  ycoord    mdcaty         wgt stratum    panel EvalStatus EvalReason        AREA PERIMETER USECO_ USECO_ID ECO LEVEL3
1  Site-01 -1489123 2061881 0.7871685 14949420001    None PanelOne    NotEval            3.09949e+11   4412500    204      201  13     13
2  Site-02 -1339306 1990042 0.7871685 14949420001    None PanelOne    NotEval            3.09949e+11   4412500    204      201  13     13
3  Site-03 -1482911 1935577 0.7871685 14949420001    None PanelOne    NotEval            3.09949e+11   4412500    204      201  13     13
4  Site-04 -1254120 1764154 0.3022769 38930242354    None PanelOne    NotEval            1.26379e+11   3388270    247      245  20     20
5  Site-05 -1445698 2159853 0.7871685 14949420001    None PanelOne    NotEval            3.09949e+11   4412500    204      201  13     13
6  Site-06 -1120977 2059954 0.4829190 24367882905    None PanelOne    NotEval            4.47240e+10   2722190    208      206  19     19
7  Site-07 -1426282 2166188 0.7871685 14949420001    None PanelOne    NotEval            3.09949e+11   4412500    204      201  13     13
8  Site-08 -1270309 2160494 0.4829190 24367882905    None PanelOne    NotEval            4.47240e+10   2722190    208      206  19     19
9  Site-09 -1487509 2184125 0.7871685 14949420001    None PanelOne    NotEval            3.09949e+11   4412500    204      201  13     13
10 Site-10 -1410661 1846603 0.4829190 24367882905    None PanelOne    NotEval            4.47240e+10   2722190    208      206  19     19
                    LEVEL3_NAM mdcaty1
1      Central Basin and Range       a
2      Central Basin and Range       a
3      Central Basin and Range       a
4            Colorado Plateaus       b
5      Central Basin and Range       a
6  Wasatch and Uinta Mountains       a
7      Central Basin and Range       a
8  Wasatch and Uinta Mountains       a
9      Central Basin and Range       a
10 Wasatch and Uinta Mountains       a


Area: NHDArea PolygonZ shapefile

Stratum: None 
    siteID    xcoord   ycoord mdcaty        wgt stratum    panel EvalStatus EvalReason    COMID FDATE RESOLUTION GNIS_ID GNIS_NAME AREASQKM ELEVATION
1  Site-01 -120.0301 47.05106  Equal 1577741453    None PanelOne    NotEval            23213506  <NA>     Medium    <NA>      <NA>   57.687     -9999
2  Site-02 -122.3402 47.99945  Equal 1577741453    None PanelOne    NotEval            23993325  <NA>     Medium    <NA>      <NA> 2352.633     -9999
3  Site-03 -122.9733 48.69335  Equal 1577741453    None PanelOne    NotEval            23955021  <NA>     Medium    <NA>      <NA> 1181.715     -9999
4  Site-04 -124.4806 41.74720  Equal 1577741453    None PanelOne    NotEval             8315457  <NA>     Medium    <NA>      <NA> 3849.809     -9999
5  Site-05 -123.0045 48.45084  Equal 1577741453    None PanelOne    NotEval            23955021  <NA>     Medium    <NA>      <NA> 1181.715     -9999
6  Site-06 -119.9161 46.64545  Equal 1577741453    None PanelOne    NotEval            24419960  <NA>     Medium    <NA>      <NA>   25.371     -9999
7  Site-07 -124.9566 41.62836  Equal 1577741453    None PanelOne    NotEval             8315457  <NA>     Medium    <NA>      <NA> 3849.809     -9999
8  Site-08 -124.7087 48.35255  Equal 1577741453    None PanelOne    NotEval            23842116  <NA>     Medium    <NA>      <NA>  647.495     -9999
9  Site-09 -121.0836 45.64589  Equal 1577741453    None PanelOne    NotEval            24511310  <NA>     Medium    <NA>      <NA>   39.597     -9999
10 Site-10 -124.2531 41.70431  Equal 1577741453    None PanelOne    NotEval             8315457  <NA>     Medium    <NA>      <NA> 3849.809     -9999
         FTYPE FCODE SHAPE_LENG  SHAPE_AREA
1  StreamRiver 46006  1.5778087 0.006829099
2     SeaOcean 44500 20.2989057 0.282484641
3     SeaOcean 44500  9.0802527 0.143903997
4     SeaOcean 44500  3.2032994 0.416684475
5     SeaOcean 44500  9.0802527 0.143903997
6  StreamRiver 46006  0.6310825 0.002984324
7     SeaOcean 44500  3.2032994 0.416684475
8     SeaOcean 44500  2.8833349 0.078002896
9  StreamRiver 46006  0.9938240 0.004571382
10    SeaOcean 44500  3.2032994 0.416684475
